============================================================
STARTING GUIDED FUZZING CAMPAIGN (replicate 2)
============================================================

--- Round 1 / 5 ---
Mutation params: op_swap=0.15, sub=0.15, fuzz=0.15
Generated 20 candidate checkpoints (families: {'gadget': 2, 'overwritten': 4, 'pypi_injected': 5, 'external': 4, 'indirect_chain': 5}).
[validity-debug] Container failed with code 1
[validity-debug] Container stdout: 
[validity-debug] Container stderr: Traceback (most recent call last):
  File "<string>", line 3, in <module>
    obj = torch.load('/tmp/tmp0gq0xd6m.pt', weights_only=False, map_location='cpu')
  File "/usr/local/lib/python3.13/dist-packages/torch/serialization.py", line 1610, in load
    return _load(
        opened_zipfile,
    ...<3 lines>...
        **pickle_load_args,
    )
  File "/usr/local/lib/python3.13/dist-packages/torch/serialization.py", line 2221, in _load
    result = unpickler.load()
  File "/usr/local/lib/python3.13/dist-packages/numpy/__init__.py", line 795, in __getattr__
    raise AttributeError(f"module {__name__!r} has no attribute {attr!r}")
AttributeError: module 'numpy' has no attribute 'runstring'. Did you mean: 'fromstring'?

Round 1 Complete: Valid=19/20, Bypasses=3, Mean Fitness=4.966, Opcode Cov=41.2%, Callable Cov=32.0%, Per-scanner evasions={'fickling': 20, 'modelscan': 6, 'picklescan': 3}

--- Round 2 / 5 ---
Mutation params: op_swap=0.20, sub=0.20, fuzz=0.20
Generated 20 candidate checkpoints (families: {'gadget': 3, 'overwritten': 0, 'pypi_injected': 12, 'external': 2, 'indirect_chain': 3}).
[validity-debug] Container failed with code 1
[validity-debug] Container stdout: 
[validity-debug] Container stderr: Traceback (most recent call last):
  File "<string>", line 3, in <module>
    obj = torch.load('/tmp/tmppp8sjk23.pt', weights_only=False, map_location='cpu')
  File "/usr/local/lib/python3.13/dist-packages/torch/serialization.py", line 1610, in load
    return _load(
        opened_zipfile,
    ...<3 lines>...
        **pickle_load_args,
    )
  File "/usr/local/lib/python3.13/dist-packages/torch/serialization.py", line 2221, in _load
    result = unpickler.load()
AttributeError: module 'IPython' has no attribute 'system'

[validity-debug] Container failed with code 1
[validity-debug] Container stdout: 
[validity-debug] Container stderr: Traceback (most recent call last):
  File "<string>", line 3, in <module>
    obj = torch.load('/tmp/tmpibbapzxj.pt', weights_only=False, map_location='cpu')
  File "/usr/local/lib/python3.13/dist-packages/torch/serialization.py", line 1610, in load
    return _load(
        opened_zipfile,
    ...<3 lines>...
        **pickle_load_args,
    )
  File "/usr/local/lib/python3.13/dist-packages/torch/serialization.py", line 2221, in _load
    result = unpickler.load()
AttributeError: module 'IPython' has no attribute 'system'

[validity-debug] Container failed with code 1
[validity-debug] Container stdout: 
[validity-debug] Container stderr: Traceback (most recent call last):
  File "<string>", line 3, in <module>
    obj = torch.load('/tmp/tmpqulrrpai.pt', weights_only=False, map_location='cpu')
  File "/usr/local/lib/python3.13/dist-packages/torch/serialization.py", line 1610, in load
    return _load(
        opened_zipfile,
    ...<3 lines>...
        **pickle_load_args,
    )
  File "/usr/local/lib/python3.13/dist-packages/torch/serialization.py", line 2221, in _load
    result = unpickler.load()
AttributeError: module 'IPython' has no attribute 'system'

[validity-debug] Container failed with code 1
[validity-debug] Container stdout: 
[validity-debug] Container stderr: Traceback (most recent call last):
  File "<string>", line 3, in <module>
    obj = torch.load('/tmp/tmpuingq9p6.pt', weights_only=False, map_location='cpu')
  File "/usr/local/lib/python3.13/dist-packages/torch/serialization.py", line 1610, in load
    return _load(
        opened_zipfile,
    ...<3 lines>...
        **pickle_load_args,
    )
  File "/usr/local/lib/python3.13/dist-packages/torch/serialization.py", line 2221, in _load
    result = unpickler.load()
AttributeError: module 'IPython' has no attribute 'system'

[validity-debug] Container failed with code 1
[validity-debug] Container stdout: 
[validity-debug] Container stderr: Traceback (most recent call last):
  File "<string>", line 3, in <module>
    obj = torch.load('/tmp/tmpt9_aietc.pt', weights_only=False, map_location='cpu')
  File "/usr/local/lib/python3.13/dist-packages/torch/serialization.py", line 1610, in load
    return _load(
        opened_zipfile,
    ...<3 lines>...
        **pickle_load_args,
    )
  File "/usr/local/lib/python3.13/dist-packages/torch/serialization.py", line 2221, in _load
    result = unpickler.load()
  File "/usr/local/lib/python3.13/dist-packages/numpy/__init__.py", line 795, in __getattr__
    raise AttributeError(f"module {__name__!r} has no attribute {attr!r}")
AttributeError: module 'numpy' has no attribute 'runstring'. Did you mean: 'fromstring'?

[validity-debug] Container failed with code 1
[validity-debug] Container stdout: 
[validity-debug] Container stderr: Traceback (most recent call last):
  File "<string>", line 3, in <module>
    obj = torch.load('/tmp/tmprxfiu763.pt', weights_only=False, map_location='cpu')
  File "/usr/local/lib/python3.13/dist-packages/torch/serialization.py", line 1610, in load
    return _load(
        opened_zipfile,
    ...<3 lines>...
        **pickle_load_args,
    )
  File "/usr/local/lib/python3.13/dist-packages/torch/serialization.py", line 2221, in _load
    result = unpickler.load()
AttributeError: module 'IPython' has no attribute 'system'

Round 2 Complete: Valid=13/20, Bypasses=0, Mean Fitness=3.413, Opcode Cov=42.6%, Callable Cov=36.0%, Per-scanner evasions={'fickling': 20, 'modelscan': 1}

--- Round 3 / 5 ---
Mutation params: op_swap=0.25, sub=0.25, fuzz=0.25
Generated 20 candidate checkpoints (families: {'gadget': 2, 'overwritten': 3, 'pypi_injected': 12, 'external': 1, 'indirect_chain': 2}).
[validity-debug] Container failed with code 1
[validity-debug] Container stdout: 
[validity-debug] Container stderr: Traceback (most recent call last):
  File "<string>", line 3, in <module>
    obj = torch.load('/tmp/tmp0whggaqx.pt', weights_only=False, map_location='cpu')
  File "/usr/local/lib/python3.13/dist-packages/torch/serialization.py", line 1610, in load
    return _load(
        opened_zipfile,
    ...<3 lines>...
        **pickle_load_args,
    )
  File "/usr/local/lib/python3.13/dist-packages/torch/serialization.py", line 2221, in _load
    result = unpickler.load()
AttributeError: module 'IPython' has no attribute 'system'

[validity-debug] Container failed with code 1
[validity-debug] Container stdout: 
[validity-debug] Container stderr: Traceback (most recent call last):
  File "<string>", line 3, in <module>
    obj = torch.load('/tmp/tmpzasoe7zl.pt', weights_only=False, map_location='cpu')
  File "/usr/local/lib/python3.13/dist-packages/torch/serialization.py", line 1610, in load
    return _load(
        opened_zipfile,
    ...<3 lines>...
        **pickle_load_args,
    )
  File "/usr/local/lib/python3.13/dist-packages/torch/serialization.py", line 2221, in _load
    result = unpickler.load()
AttributeError: module 'IPython' has no attribute 'system'

[validity-debug] Container failed with code 1
[validity-debug] Container stdout: 
[validity-debug] Container stderr: Traceback (most recent call last):
  File "<string>", line 3, in <module>
    obj = torch.load('/tmp/tmpkkwppody.pt', weights_only=False, map_location='cpu')
  File "/usr/local/lib/python3.13/dist-packages/torch/serialization.py", line 1610, in load
    return _load(
        opened_zipfile,
    ...<3 lines>...
        **pickle_load_args,
    )
  File "/usr/local/lib/python3.13/dist-packages/torch/serialization.py", line 2221, in _load
    result = unpickler.load()
AttributeError: module 'IPython' has no attribute 'system'

[validity-debug] Container failed with code 1
[validity-debug] Container stdout: 
[validity-debug] Container stderr: Traceback (most recent call last):
  File "<string>", line 3, in <module>
    obj = torch.load('/tmp/tmpidq5wyut.pt', weights_only=False, map_location='cpu')
  File "/usr/local/lib/python3.13/dist-packages/torch/serialization.py", line 1610, in load
    return _load(
        opened_zipfile,
    ...<3 lines>...
        **pickle_load_args,
    )
  File "/usr/local/lib/python3.13/dist-packages/torch/serialization.py", line 2221, in _load
    result = unpickler.load()
AttributeError: module 'IPython' has no attribute 'system'

[validity-debug] Container failed with code 1
[validity-debug] Container stdout: 
[validity-debug] Container stderr: Traceback (most recent call last):
  File "<string>", line 3, in <module>
    obj = torch.load('/tmp/tmp8irweq05.pt', weights_only=False, map_location='cpu')
  File "/usr/local/lib/python3.13/dist-packages/torch/serialization.py", line 1610, in load
    return _load(
        opened_zipfile,
    ...<3 lines>...
        **pickle_load_args,
    )
  File "/usr/local/lib/python3.13/dist-packages/torch/serialization.py", line 2221, in _load
    result = unpickler.load()
AttributeError: module 'IPython' has no attribute 'system'

[validity-debug] Container failed with code 1
[validity-debug] Container stdout: 
[validity-debug] Container stderr: Traceback (most recent call last):
  File "<string>", line 3, in <module>
    obj = torch.load('/tmp/tmpr35nulyo.pt', weights_only=False, map_location='cpu')
  File "/usr/local/lib/python3.13/dist-packages/torch/serialization.py", line 1610, in load
    return _load(
        opened_zipfile,
    ...<3 lines>...
        **pickle_load_args,
    )
  File "/usr/local/lib/python3.13/dist-packages/torch/serialization.py", line 2221, in _load
    result = unpickler.load()
AttributeError: module 'IPython' has no attribute 'system'

[validity-debug] Container failed with code 1
[validity-debug] Container stdout: 
[validity-debug] Container stderr: Traceback (most recent call last):
  File "<string>", line 3, in <module>
    obj = torch.load('/tmp/tmpjp33jqr9.pt', weights_only=False, map_location='cpu')
  File "/usr/local/lib/python3.13/dist-packages/torch/serialization.py", line 1610, in load
    return _load(
        opened_zipfile,
    ...<3 lines>...
        **pickle_load_args,
    )
  File "/usr/local/lib/python3.13/dist-packages/torch/serialization.py", line 2221, in _load
    result = unpickler.load()
  File "/usr/local/lib/python3.13/dist-packages/numpy/__init__.py", line 795, in __getattr__
    raise AttributeError(f"module {__name__!r} has no attribute {attr!r}")
AttributeError: module 'numpy' has no attribute 'runstring'. Did you mean: 'fromstring'?

Round 3 Complete: Valid=13/20, Bypasses=0, Mean Fitness=2.989, Opcode Cov=42.6%, Callable Cov=40.0%, Per-scanner evasions={'fickling': 20}

--- Round 4 / 5 ---
Mutation params: op_swap=0.30, sub=0.30, fuzz=0.30
Generated 20 candidate checkpoints (families: {'gadget': 2, 'overwritten': 4, 'pypi_injected': 8, 'external': 4, 'indirect_chain': 2}).
[validity-debug] Container failed with code 1
[validity-debug] Container stdout: 
[validity-debug] Container stderr: Traceback (most recent call last):
  File "<string>", line 3, in <module>
    obj = torch.load('/tmp/tmp09ld3ndc.pt', weights_only=False, map_location='cpu')
  File "/usr/local/lib/python3.13/dist-packages/torch/serialization.py", line 1610, in load
    return _load(
        opened_zipfile,
    ...<3 lines>...
        **pickle_load_args,
    )
  File "/usr/local/lib/python3.13/dist-packages/torch/serialization.py", line 2221, in _load
    result = unpickler.load()
AttributeError: module 'IPython' has no attribute 'system'

[validity-debug] Container failed with code 1
[validity-debug] Container stdout: 
[validity-debug] Container stderr: Traceback (most recent call last):
  File "<string>", line 3, in <module>
    obj = torch.load('/tmp/tmp6o4bksz3.pt', weights_only=False, map_location='cpu')
  File "/usr/local/lib/python3.13/dist-packages/torch/serialization.py", line 1610, in load
    return _load(
        opened_zipfile,
    ...<3 lines>...
        **pickle_load_args,
    )
  File "/usr/local/lib/python3.13/dist-packages/torch/serialization.py", line 2221, in _load
    result = unpickler.load()
AttributeError: module 'IPython' has no attribute 'system'

[validity-debug] Container failed with code 1
[validity-debug] Container stdout: 
[validity-debug] Container stderr: Traceback (most recent call last):
  File "<string>", line 3, in <module>
    obj = torch.load('/tmp/tmpsoj5369q.pt', weights_only=False, map_location='cpu')
  File "/usr/local/lib/python3.13/dist-packages/torch/serialization.py", line 1610, in load
    return _load(
        opened_zipfile,
    ...<3 lines>...
        **pickle_load_args,
    )
  File "/usr/local/lib/python3.13/dist-packages/torch/serialization.py", line 2221, in _load
    result = unpickler.load()
AttributeError: module 'IPython' has no attribute 'system'

[validity-debug] Container failed with code 1
[validity-debug] Container stdout: 
[validity-debug] Container stderr: Traceback (most recent call last):
  File "<string>", line 3, in <module>
    obj = torch.load('/tmp/tmp_iml6rx3.pt', weights_only=False, map_location='cpu')
  File "/usr/local/lib/python3.13/dist-packages/torch/serialization.py", line 1610, in load
    return _load(
        opened_zipfile,
    ...<3 lines>...
        **pickle_load_args,
    )
  File "/usr/local/lib/python3.13/dist-packages/torch/serialization.py", line 2221, in _load
    result = unpickler.load()
AttributeError: module 'IPython' has no attribute 'system'

[validity-debug] Container failed with code 1
[validity-debug] Container stdout: 
[validity-debug] Container stderr: Traceback (most recent call last):
  File "<string>", line 3, in <module>
    obj = torch.load('/tmp/tmpa_ozfzju.pt', weights_only=False, map_location='cpu')
  File "/usr/local/lib/python3.13/dist-packages/torch/serialization.py", line 1610, in load
    return _load(
        opened_zipfile,
    ...<3 lines>...
        **pickle_load_args,
    )
  File "/usr/local/lib/python3.13/dist-packages/torch/serialization.py", line 2221, in _load
    result = unpickler.load()
  File "/usr/local/lib/python3.13/dist-packages/numpy/__init__.py", line 795, in __getattr__
    raise AttributeError(f"module {__name__!r} has no attribute {attr!r}")
AttributeError: module 'numpy' has no attribute 'runstring'. Did you mean: 'fromstring'?

[validity-debug] Container failed with code 1
[validity-debug] Container stdout: 
[validity-debug] Container stderr: Traceback (most recent call last):
  File "<string>", line 3, in <module>
    obj = torch.load('/tmp/tmp3uuv44jc.pt', weights_only=False, map_location='cpu')
  File "/usr/local/lib/python3.13/dist-packages/torch/serialization.py", line 1610, in load
    return _load(
        opened_zipfile,
    ...<3 lines>...
        **pickle_load_args,
    )
  File "/usr/local/lib/python3.13/dist-packages/torch/serialization.py", line 2221, in _load
    result = unpickler.load()
  File "/usr/local/lib/python3.13/dist-packages/numpy/__init__.py", line 795, in __getattr__
    raise AttributeError(f"module {__name__!r} has no attribute {attr!r}")
AttributeError: module 'numpy' has no attribute 'runstring'. Did you mean: 'fromstring'?

[validity-debug] Container failed with code 1
[validity-debug] Container stdout: 
[validity-debug] Container stderr: Traceback (most recent call last):
  File "<string>", line 3, in <module>
    obj = torch.load('/tmp/tmpe0re28gg.pt', weights_only=False, map_location='cpu')
  File "/usr/local/lib/python3.13/dist-packages/torch/serialization.py", line 1610, in load
    return _load(
        opened_zipfile,
    ...<3 lines>...
        **pickle_load_args,
    )
  File "/usr/local/lib/python3.13/dist-packages/torch/serialization.py", line 2221, in _load
    result = unpickler.load()
  File "/usr/local/lib/python3.13/dist-packages/numpy/__init__.py", line 795, in __getattr__
    raise AttributeError(f"module {__name__!r} has no attribute {attr!r}")
AttributeError: module 'numpy' has no attribute 'runstring'. Did you mean: 'fromstring'?

Round 4 Complete: Valid=13/20, Bypasses=0, Mean Fitness=2.587, Opcode Cov=42.6%, Callable Cov=40.0%, Per-scanner evasions={'fickling': 20, 'modelscan': 1}

--- Round 5 / 5 ---
Mutation params: op_swap=0.35, sub=0.35, fuzz=0.35
Generated 20 candidate checkpoints (families: {'gadget': 3, 'overwritten': 2, 'pypi_injected': 8, 'external': 3, 'indirect_chain': 4}).
[validity-debug] Container failed with code 1
[validity-debug] Container stdout: 
[validity-debug] Container stderr: Traceback (most recent call last):
  File "<string>", line 3, in <module>
    obj = torch.load('/tmp/tmp2ed5av4f.pt', weights_only=False, map_location='cpu')
  File "/usr/local/lib/python3.13/dist-packages/torch/serialization.py", line 1610, in load
    return _load(
        opened_zipfile,
    ...<3 lines>...
        **pickle_load_args,
    )
  File "/usr/local/lib/python3.13/dist-packages/torch/serialization.py", line 2221, in _load
    result = unpickler.load()
  File "/usr/local/lib/python3.13/dist-packages/torch/serialization.py", line 2210, in find_class
    return super().find_class(mod_name, name)
           ~~~~~~~~~~~~~~~~~~^^^^^^^^^^^^^^^^
AttributeError: Can't get attribute 'popen' on <module 'platform' from '/usr/lib/python3.13/platform.py'>

[validity-debug] Container failed with code 1
[validity-debug] Container stdout: 
[validity-debug] Container stderr: Traceback (most recent call last):
  File "<string>", line 3, in <module>
    obj = torch.load('/tmp/tmpi11p3o4r.pt', weights_only=False, map_location='cpu')
  File "/usr/local/lib/python3.13/dist-packages/torch/serialization.py", line 1610, in load
    return _load(
        opened_zipfile,
    ...<3 lines>...
        **pickle_load_args,
    )
  File "/usr/local/lib/python3.13/dist-packages/torch/serialization.py", line 2221, in _load
    result = unpickler.load()
AttributeError: module 'IPython' has no attribute 'system'

[validity-debug] Container failed with code 1
[validity-debug] Container stdout: 
[validity-debug] Container stderr: Traceback (most recent call last):
  File "<string>", line 3, in <module>
    obj = torch.load('/tmp/tmptsppd4hg.pt', weights_only=False, map_location='cpu')
  File "/usr/local/lib/python3.13/dist-packages/torch/serialization.py", line 1610, in load
    return _load(
        opened_zipfile,
    ...<3 lines>...
        **pickle_load_args,
    )
  File "/usr/local/lib/python3.13/dist-packages/torch/serialization.py", line 2221, in _load
    result = unpickler.load()
  File "/usr/local/lib/python3.13/dist-packages/numpy/__init__.py", line 795, in __getattr__
    raise AttributeError(f"module {__name__!r} has no attribute {attr!r}")
AttributeError: module 'numpy' has no attribute 'runstring'. Did you mean: 'fromstring'?

[validity-debug] Container failed with code 1
[validity-debug] Container stdout: 
[validity-debug] Container stderr: Traceback (most recent call last):
  File "<string>", line 3, in <module>
    obj = torch.load('/tmp/tmp1ptcf3ir.pt', weights_only=False, map_location='cpu')
  File "/usr/local/lib/python3.13/dist-packages/torch/serialization.py", line 1610, in load
    return _load(
        opened_zipfile,
    ...<3 lines>...
        **pickle_load_args,
    )
  File "/usr/local/lib/python3.13/dist-packages/torch/serialization.py", line 2221, in _load
    result = unpickler.load()
AttributeError: module 'IPython' has no attribute 'system'

[validity-debug] Container failed with code 1
[validity-debug] Container stdout: 
[validity-debug] Container stderr: Traceback (most recent call last):
  File "<string>", line 3, in <module>
    obj = torch.load('/tmp/tmpmlyucj3y.pt', weights_only=False, map_location='cpu')
  File "/usr/local/lib/python3.13/dist-packages/torch/serialization.py", line 1610, in load
    return _load(
        opened_zipfile,
    ...<3 lines>...
        **pickle_load_args,
    )
  File "/usr/local/lib/python3.13/dist-packages/torch/serialization.py", line 2221, in _load
    result = unpickler.load()
  File "/usr/local/lib/python3.13/dist-packages/numpy/__init__.py", line 795, in __getattr__
    raise AttributeError(f"module {__name__!r} has no attribute {attr!r}")
AttributeError: module 'numpy' has no attribute 'runstring'. Did you mean: 'fromstring'?

[validity-debug] Container failed with code 1
[validity-debug] Container stdout: 
[validity-debug] Container stderr: Traceback (most recent call last):
  File "<string>", line 3, in <module>
    obj = torch.load('/tmp/tmp0_7uk7xf.pt', weights_only=False, map_location='cpu')
  File "/usr/local/lib/python3.13/dist-packages/torch/serialization.py", line 1610, in load
    return _load(
        opened_zipfile,
    ...<3 lines>...
        **pickle_load_args,
    )
  File "/usr/local/lib/python3.13/dist-packages/torch/serialization.py", line 2221, in _load
    result = unpickler.load()
AttributeError: module 'IPython' has no attribute 'system'

[validity-debug] Container failed with code 1
[validity-debug] Container stdout: 
[validity-debug] Container stderr: Traceback (most recent call last):
  File "<string>", line 3, in <module>
    obj = torch.load('/tmp/tmpr2jyhieb.pt', weights_only=False, map_location='cpu')
  File "/usr/local/lib/python3.13/dist-packages/torch/serialization.py", line 1610, in load
    return _load(
        opened_zipfile,
    ...<3 lines>...
        **pickle_load_args,
    )
  File "/usr/local/lib/python3.13/dist-packages/torch/serialization.py", line 2221, in _load
    result = unpickler.load()
AttributeError: module 'IPython' has no attribute 'system'

[validity-debug] Container failed with code 1
[validity-debug] Container stdout: 
[validity-debug] Container stderr: Traceback (most recent call last):
  File "<string>", line 3, in <module>
    obj = torch.load('/tmp/tmpkehmsi6a.pt', weights_only=False, map_location='cpu')
  File "/usr/local/lib/python3.13/dist-packages/torch/serialization.py", line 1610, in load
    return _load(
        opened_zipfile,
    ...<3 lines>...
        **pickle_load_args,
    )
  File "/usr/local/lib/python3.13/dist-packages/torch/serialization.py", line 2221, in _load
    result = unpickler.load()
AttributeError: module 'IPython' has no attribute 'system'

[validity-debug] Container failed with code 1
[validity-debug] Container stdout: 
[validity-debug] Container stderr: Traceback (most recent call last):
  File "<string>", line 3, in <module>
    obj = torch.load('/tmp/tmpxdhgtkze.pt', weights_only=False, map_location='cpu')
  File "/usr/local/lib/python3.13/dist-packages/torch/serialization.py", line 1610, in load
    return _load(
        opened_zipfile,
    ...<3 lines>...
        **pickle_load_args,
    )
  File "/usr/local/lib/python3.13/dist-packages/torch/serialization.py", line 2221, in _load
    result = unpickler.load()
  File "/usr/local/lib/python3.13/dist-packages/numpy/__init__.py", line 795, in __getattr__
    raise AttributeError(f"module {__name__!r} has no attribute {attr!r}")
AttributeError: module 'numpy' has no attribute 'runstring'. Did you mean: 'fromstring'?

[validity-debug] Container failed with code 1
[validity-debug] Container stdout: 
[validity-debug] Container stderr: Traceback (most recent call last):
  File "<string>", line 3, in <module>
    obj = torch.load('/tmp/tmpnz1luiqk.pt', weights_only=False, map_location='cpu')
  File "/usr/local/lib/python3.13/dist-packages/torch/serialization.py", line 1610, in load
    return _load(
        opened_zipfile,
    ...<3 lines>...
        **pickle_load_args,
    )
  File "/usr/local/lib/python3.13/dist-packages/torch/serialization.py", line 2221, in _load
    result = unpickler.load()
  File "/usr/local/lib/python3.13/dist-packages/numpy/__init__.py", line 795, in __getattr__
    raise AttributeError(f"module {__name__!r} has no attribute {attr!r}")
AttributeError: module 'numpy' has no attribute 'runstring'. Did you mean: 'fromstring'?

Round 5 Complete: Valid=10/20, Bypasses=0, Mean Fitness=2.048, Opcode Cov=42.6%, Callable Cov=44.0%, Per-scanner evasions={'fickling': 20}

Written fuzzing report to docs/fuzzing-report-guided-r2.md
============================================================
CAMPAIGN COMPLETE (guided, replicate 2)
  valid candidates : 68/100
  confirmed bypasses: 3
============================================================
