============================================================
STARTING GUIDED FUZZING CAMPAIGN (replicate 1)
============================================================
[campaign] seeded from real corpus checkpoint: real_benign_corpus/all/text-generation__HuggingFaceM4_tiny-random-LlamaForCausalLM.bin (2.1 MB)

--- Round 1 / 5 ---
Mutation params: op_swap=0.15, sub=0.15, fuzz=0.15
  [skip] None: Unknown pickle opcode byte: b' ' at index 273
Generated 20 candidate checkpoints (families: {'gadget': 2, 'overwritten': 5, 'external': 6, 'indirect_chain': 7}).
[validity-debug] Container failed with code 1
[validity-debug] Container stdout: 
[validity-debug] Container stderr: Traceback (most recent call last):
  File "<string>", line 4, in <module>
    assert isinstance(obj, dict)
           ~~~~~~~~~~^^^^^^^^^^^
AssertionError

[validity-debug] Container failed with code 1
[validity-debug] Container stdout: 
[validity-debug] Container stderr: Traceback (most recent call last):
  File "<string>", line 3, in <module>
    obj = torch.load('/tmp/tmpwgmyhc23.pt', weights_only=False, map_location='cpu')
  File "/usr/local/lib/python3.13/dist-packages/torch/serialization.py", line 1610, in load
    return _load(
        opened_zipfile,
    ...<3 lines>...
        **pickle_load_args,
    )
  File "/usr/local/lib/python3.13/dist-packages/torch/serialization.py", line 2221, in _load
    result = unpickler.load()
  File "/usr/local/lib/python3.13/dist-packages/numpy/__init__.py", line 795, in __getattr__
    raise AttributeError(f"module {__name__!r} has no attribute {attr!r}")
AttributeError: module 'numpy' has no attribute 'runstring'. Did you mean: 'fromstring'?

[validity-debug] Container failed with code 1
[validity-debug] Container stdout: 
[validity-debug] Container stderr: Traceback (most recent call last):
  File "<string>", line 3, in <module>
    obj = torch.load('/tmp/tmppc5c71sr.pt', weights_only=False, map_location='cpu')
  File "/usr/local/lib/python3.13/dist-packages/torch/serialization.py", line 1610, in load
    return _load(
        opened_zipfile,
    ...<3 lines>...
        **pickle_load_args,
    )
  File "/usr/local/lib/python3.13/dist-packages/torch/serialization.py", line 2221, in _load
    result = unpickler.load()
  File "/usr/local/lib/python3.13/dist-packages/numpy/testing/_private/utils.py", line 1290, in runstring
    exec(astr, dict)
    ~~~~^^^^^^^^^^^^
  File "<string>", line 1
    'with open('/tmp/regenbench_guided-r1_triggers_s_k6lbjj/trigger_1_8.txt', 'w') as f: f.write('1')'
                                                                           ^^^^
SyntaxError: invalid syntax

[validity-debug] Container failed with code 1
[validity-debug] Container stdout: 
[validity-debug] Container stderr: Traceback (most recent call last):
  File "<string>", line 3, in <module>
    obj = torch.load('/tmp/tmpzdde_sj6.pt', weights_only=False, map_location='cpu')
  File "/usr/local/lib/python3.13/dist-packages/torch/serialization.py", line 1610, in load
    return _load(
        opened_zipfile,
    ...<3 lines>...
        **pickle_load_args,
    )
  File "/usr/local/lib/python3.13/dist-packages/torch/serialization.py", line 2221, in _load
    result = unpickler.load()
AttributeError: module 'os' has no attribute ''system''. Did you mean: 'system'?

[validity-debug] Container failed with code 1
[validity-debug] Container stdout: 
[validity-debug] Container stderr: Traceback (most recent call last):
  File "<string>", line 3, in <module>
    obj = torch.load('/tmp/tmpsj10ioue.pt', weights_only=False, map_location='cpu')
  File "/usr/local/lib/python3.13/dist-packages/torch/serialization.py", line 1610, in load
    return _load(
        opened_zipfile,
    ...<3 lines>...
        **pickle_load_args,
    )
  File "/usr/local/lib/python3.13/dist-packages/torch/serialization.py", line 2221, in _load
    result = unpickler.load()
  File "/usr/local/lib/python3.13/dist-packages/torch/serialization.py", line 2210, in find_class
    return super().find_class(mod_name, name)
           ~~~~~~~~~~~~~~~~~~^^^^^^^^^^^^^^^^
ModuleNotFoundError: No module named '__builtin__'

Round 1 Complete: Valid=15/20, Bypasses=1, Mean Fitness=2557.167, Opcode Cov=44.1%, Callable Cov=24.0%, Per-scanner evasions={'fickling': 20, 'modelscan': 7, 'picklescan': 1}

--- Round 2 / 5 ---
Mutation params: op_swap=0.20, sub=0.20, fuzz=0.20
  [skip] None: Unknown pickle opcode byte: b' ' at index 273
Traceback (most recent call last):
  File "/home/d4sun/Projects/PhD/regenbench/scripts/run_fuzzing_campaign.py", line 304, in run_campaign
    cand_bytes = generator.generate_candidate_pt(
        benign_pt_bytes=benign_pt_bytes,
    ...<10 lines>...
        injection_transport=cand_transport,
    )
  File "/home/d4sun/Projects/PhD/regenbench/pipeline/generator.py", line 389, in generate_candidate_pt
    inject_payload_into_torch(in_path, out_path, malicious_pkl,
    ~~~~~~~~~~~~~~~~~~~~~~~~~^^^^^^^^^^^^^^^^^^^^^^^^^^^^^^^^^^
                              transport=transport)
                              ^^^^^^^^^^^^^^^^^^^^
  File "/home/d4sun/Projects/PhD/regenbench/pipeline/templates.py", line 358, in inject_payload_into_torch
    ops = parse_pickle(payload_bytes)
  File "/home/d4sun/Projects/PhD/regenbench/pipeline/opcodes.py", line 88, in parse_pickle
    raise ValueError(f"Unknown pickle opcode byte: {opcode_byte!r} at index {i-1}")
ValueError: Unknown pickle opcode byte: b' ' at index 273

During handling of the above exception, another exception occurred:

Traceback (most recent call last):
  File "/home/d4sun/Projects/PhD/regenbench/scripts/run_fuzzing_campaign.py", line 683, in <module>
    sys.exit(run_campaign(parse_args()))
             ~~~~~~~~~~~~^^^^^^^^^^^^^^
  File "/home/d4sun/Projects/PhD/regenbench/scripts/run_fuzzing_campaign.py", line 324, in run_campaign
    cand_bytes = generator.generate_candidate_pt(
        benign_pt_bytes=benign_pt_bytes,
    ...<10 lines>...
        injection_transport=cand_transport,
    )
  File "/home/d4sun/Projects/PhD/regenbench/pipeline/generator.py", line 389, in generate_candidate_pt
    inject_payload_into_torch(in_path, out_path, malicious_pkl,
    ~~~~~~~~~~~~~~~~~~~~~~~~~^^^^^^^^^^^^^^^^^^^^^^^^^^^^^^^^^^
                              transport=transport)
                              ^^^^^^^^^^^^^^^^^^^^
  File "/home/d4sun/Projects/PhD/regenbench/pipeline/templates.py", line 358, in inject_payload_into_torch
    ops = parse_pickle(payload_bytes)
  File "/home/d4sun/Projects/PhD/regenbench/pipeline/opcodes.py", line 88, in parse_pickle
    raise ValueError(f"Unknown pickle opcode byte: {opcode_byte!r} at index {i-1}")
ValueError: Unknown pickle opcode byte: b' ' at index 273
