============================================================
STARTING UNGUIDED FUZZING CAMPAIGN (replicate 1)
============================================================

--- Round 1 / 5 ---
Unguided mode: uniform random callable selection.
Generated 20 candidate checkpoints (families: {'gadget': 2, 'overwritten': 4, 'pypi_injected': 4, 'external': 3, 'indirect_chain': 7}).
[validity-debug] Container failed with code 1
[validity-debug] Container stdout: 
[validity-debug] Container stderr: Traceback (most recent call last):
  File "<string>", line 3, in <module>
    obj = torch.load('/tmp/tmp1wh59inq.pt', weights_only=False, map_location='cpu')
  File "/usr/local/lib/python3.13/dist-packages/torch/serialization.py", line 1610, in load
    return _load(
        opened_zipfile,
    ...<3 lines>...
        **pickle_load_args,
    )
  File "/usr/local/lib/python3.13/dist-packages/torch/serialization.py", line 2221, in _load
    result = unpickler.load()
  File "/usr/local/lib/python3.13/dist-packages/numpy/__init__.py", line 795, in __getattr__
    raise AttributeError(f"module {__name__!r} has no attribute {attr!r}")
AttributeError: module 'numpy' has no attribute 'runstring'. Did you mean: 'fromstring'?

[validity-debug] Container failed with code 1
[validity-debug] Container stdout: 
[validity-debug] Container stderr: Traceback (most recent call last):
  File "<string>", line 3, in <module>
    obj = torch.load('/tmp/tmpssatvrqx.pt', weights_only=False, map_location='cpu')
  File "/usr/local/lib/python3.13/dist-packages/torch/serialization.py", line 1610, in load
    return _load(
        opened_zipfile,
    ...<3 lines>...
        **pickle_load_args,
    )
  File "/usr/local/lib/python3.13/dist-packages/torch/serialization.py", line 2221, in _load
    result = unpickler.load()
AttributeError: module 'IPython' has no attribute 'system'

[validity-debug] Container failed with code 1
[validity-debug] Container stdout: 
[validity-debug] Container stderr: Traceback (most recent call last):
  File "<string>", line 3, in <module>
    obj = torch.load('/tmp/tmpl3nf5rtp.pt', weights_only=False, map_location='cpu')
  File "/usr/local/lib/python3.13/dist-packages/torch/serialization.py", line 1610, in load
    return _load(
        opened_zipfile,
    ...<3 lines>...
        **pickle_load_args,
    )
  File "/usr/local/lib/python3.13/dist-packages/torch/serialization.py", line 2221, in _load
    result = unpickler.load()
AttributeError: module 'IPython' has no attribute 'system'

[validity-debug] Container failed with code 1
[validity-debug] Container stdout: 
[validity-debug] Container stderr: Traceback (most recent call last):
  File "<string>", line 3, in <module>
    obj = torch.load('/tmp/tmp25vdsfay.pt', weights_only=False, map_location='cpu')
  File "/usr/local/lib/python3.13/dist-packages/torch/serialization.py", line 1610, in load
    return _load(
        opened_zipfile,
    ...<3 lines>...
        **pickle_load_args,
    )
  File "/usr/local/lib/python3.13/dist-packages/torch/serialization.py", line 2221, in _load
    result = unpickler.load()
  File "/usr/local/lib/python3.13/dist-packages/numpy/__init__.py", line 795, in __getattr__
    raise AttributeError(f"module {__name__!r} has no attribute {attr!r}")
AttributeError: module 'numpy' has no attribute 'runstring'. Did you mean: 'fromstring'?

[validity-debug] Container failed with code 1
[validity-debug] Container stdout: 
[validity-debug] Container stderr: Traceback (most recent call last):
  File "<string>", line 3, in <module>
    obj = torch.load('/tmp/tmpeyi1t0ge.pt', weights_only=False, map_location='cpu')
  File "/usr/local/lib/python3.13/dist-packages/torch/serialization.py", line 1610, in load
    return _load(
        opened_zipfile,
    ...<3 lines>...
        **pickle_load_args,
    )
  File "/usr/local/lib/python3.13/dist-packages/torch/serialization.py", line 2221, in _load
    result = unpickler.load()
AttributeError: module 'IPython' has no attribute 'system'

Round 1 Complete: Valid=15/20, Bypasses=0, Mean Fitness=1.342, Opcode Cov=41.2%, Callable Cov=24.0%, Per-scanner evasions={'fickling': 20, 'modelscan': 2}

--- Round 2 / 5 ---
Unguided mode: uniform random callable selection.
Generated 20 candidate checkpoints (families: {'gadget': 2, 'overwritten': 4, 'pypi_injected': 2, 'external': 10, 'indirect_chain': 2}).
[validity-debug] Container failed with code 1
[validity-debug] Container stdout: 
[validity-debug] Container stderr: Traceback (most recent call last):
  File "<string>", line 3, in <module>
    obj = torch.load('/tmp/tmp7boy9m_f.pt', weights_only=False, map_location='cpu')
  File "/usr/local/lib/python3.13/dist-packages/torch/serialization.py", line 1610, in load
    return _load(
        opened_zipfile,
    ...<3 lines>...
        **pickle_load_args,
    )
  File "/usr/local/lib/python3.13/dist-packages/torch/serialization.py", line 2221, in _load
    result = unpickler.load()
  File "/usr/local/lib/python3.13/dist-packages/numpy/__init__.py", line 795, in __getattr__
    raise AttributeError(f"module {__name__!r} has no attribute {attr!r}")
AttributeError: module 'numpy' has no attribute 'runstring'. Did you mean: 'fromstring'?

[validity-debug] Container failed with code 1
[validity-debug] Container stdout: 
[validity-debug] Container stderr: Traceback (most recent call last):
  File "<string>", line 3, in <module>
    obj = torch.load('/tmp/tmpj8jxgexn.pt', weights_only=False, map_location='cpu')
  File "/usr/local/lib/python3.13/dist-packages/torch/serialization.py", line 1610, in load
    return _load(
        opened_zipfile,
    ...<3 lines>...
        **pickle_load_args,
    )
  File "/usr/local/lib/python3.13/dist-packages/torch/serialization.py", line 2221, in _load
    result = unpickler.load()
  File "/usr/local/lib/python3.13/dist-packages/numpy/__init__.py", line 795, in __getattr__
    raise AttributeError(f"module {__name__!r} has no attribute {attr!r}")
AttributeError: module 'numpy' has no attribute 'runstring'. Did you mean: 'fromstring'?

[validity-debug] Container failed with code 1
[validity-debug] Container stdout: 
[validity-debug] Container stderr: Traceback (most recent call last):
  File "<string>", line 3, in <module>
    obj = torch.load('/tmp/tmpel1h8yir.pt', weights_only=False, map_location='cpu')
  File "/usr/local/lib/python3.13/dist-packages/torch/serialization.py", line 1610, in load
    return _load(
        opened_zipfile,
    ...<3 lines>...
        **pickle_load_args,
    )
  File "/usr/local/lib/python3.13/dist-packages/torch/serialization.py", line 2221, in _load
    result = unpickler.load()
  File "/usr/local/lib/python3.13/dist-packages/numpy/__init__.py", line 795, in __getattr__
    raise AttributeError(f"module {__name__!r} has no attribute {attr!r}")
AttributeError: module 'numpy' has no attribute 'runstring'. Did you mean: 'fromstring'?

[validity-debug] Container failed with code 1
[validity-debug] Container stdout: 
[validity-debug] Container stderr: Traceback (most recent call last):
  File "<string>", line 3, in <module>
    obj = torch.load('/tmp/tmphd3ov74q.pt', weights_only=False, map_location='cpu')
  File "/usr/local/lib/python3.13/dist-packages/torch/serialization.py", line 1610, in load
    return _load(
        opened_zipfile,
    ...<3 lines>...
        **pickle_load_args,
    )
  File "/usr/local/lib/python3.13/dist-packages/torch/serialization.py", line 2221, in _load
    result = unpickler.load()
  File "/usr/local/lib/python3.13/dist-packages/numpy/__init__.py", line 795, in __getattr__
    raise AttributeError(f"module {__name__!r} has no attribute {attr!r}")
AttributeError: module 'numpy' has no attribute 'runstring'. Did you mean: 'fromstring'?

Round 2 Complete: Valid=16/20, Bypasses=1, Mean Fitness=1.906, Opcode Cov=41.2%, Callable Cov=24.0%, Per-scanner evasions={'fickling': 20, 'modelscan': 8, 'picklescan': 1}

--- Round 3 / 5 ---
Unguided mode: uniform random callable selection.
Generated 20 candidate checkpoints (families: {'gadget': 8, 'overwritten': 1, 'pypi_injected': 3, 'external': 3, 'indirect_chain': 5}).
[validity-debug] Container failed with code 1
[validity-debug] Container stdout: 
[validity-debug] Container stderr: Traceback (most recent call last):
  File "<string>", line 3, in <module>
    obj = torch.load('/tmp/tmpipj1v57e.pt', weights_only=False, map_location='cpu')
  File "/usr/local/lib/python3.13/dist-packages/torch/serialization.py", line 1610, in load
    return _load(
        opened_zipfile,
    ...<3 lines>...
        **pickle_load_args,
    )
  File "/usr/local/lib/python3.13/dist-packages/torch/serialization.py", line 2221, in _load
    result = unpickler.load()
AttributeError: module 'IPython' has no attribute 'system'

[validity-debug] Container failed with code 1
[validity-debug] Container stdout: 
[validity-debug] Container stderr: Traceback (most recent call last):
  File "<string>", line 3, in <module>
    obj = torch.load('/tmp/tmpu7w97fxw.pt', weights_only=False, map_location='cpu')
  File "/usr/local/lib/python3.13/dist-packages/torch/serialization.py", line 1610, in load
    return _load(
        opened_zipfile,
    ...<3 lines>...
        **pickle_load_args,
    )
  File "/usr/local/lib/python3.13/dist-packages/torch/serialization.py", line 2221, in _load
    result = unpickler.load()
  File "/usr/local/lib/python3.13/dist-packages/numpy/__init__.py", line 795, in __getattr__
    raise AttributeError(f"module {__name__!r} has no attribute {attr!r}")
AttributeError: module 'numpy' has no attribute 'runstring'. Did you mean: 'fromstring'?

[validity-debug] Container failed with code 1
[validity-debug] Container stdout: 
[validity-debug] Container stderr: Traceback (most recent call last):
  File "<string>", line 3, in <module>
    obj = torch.load('/tmp/tmpnbroyzc4.pt', weights_only=False, map_location='cpu')
  File "/usr/local/lib/python3.13/dist-packages/torch/serialization.py", line 1610, in load
    return _load(
        opened_zipfile,
    ...<3 lines>...
        **pickle_load_args,
    )
  File "/usr/local/lib/python3.13/dist-packages/torch/serialization.py", line 2221, in _load
    result = unpickler.load()
AttributeError: module 'IPython' has no attribute 'system'

Round 3 Complete: Valid=16/20, Bypasses=1, Mean Fitness=1.455, Opcode Cov=42.6%, Callable Cov=40.0%, Per-scanner evasions={'fickling': 20, 'modelscan': 3, 'picklescan': 1}

--- Round 4 / 5 ---
Unguided mode: uniform random callable selection.
Generated 20 candidate checkpoints (families: {'gadget': 4, 'overwritten': 4, 'pypi_injected': 5, 'external': 3, 'indirect_chain': 4}).
[validity-debug] Container failed with code 1
[validity-debug] Container stdout: 
[validity-debug] Container stderr: Traceback (most recent call last):
  File "<string>", line 3, in <module>
    obj = torch.load('/tmp/tmp_88hd4y_.pt', weights_only=False, map_location='cpu')
  File "/usr/local/lib/python3.13/dist-packages/torch/serialization.py", line 1610, in load
    return _load(
        opened_zipfile,
    ...<3 lines>...
        **pickle_load_args,
    )
  File "/usr/local/lib/python3.13/dist-packages/torch/serialization.py", line 2221, in _load
    result = unpickler.load()
AttributeError: module 'IPython' has no attribute 'system'

[validity-debug] Container failed with code 1
[validity-debug] Container stdout: 
[validity-debug] Container stderr: Traceback (most recent call last):
  File "<string>", line 3, in <module>
    obj = torch.load('/tmp/tmpb8_a1ioh.pt', weights_only=False, map_location='cpu')
  File "/usr/local/lib/python3.13/dist-packages/torch/serialization.py", line 1610, in load
    return _load(
        opened_zipfile,
    ...<3 lines>...
        **pickle_load_args,
    )
  File "/usr/local/lib/python3.13/dist-packages/torch/serialization.py", line 2221, in _load
    result = unpickler.load()
AttributeError: module 'IPython' has no attribute 'system'

[validity-debug] Container failed with code 1
[validity-debug] Container stdout: 
[validity-debug] Container stderr: Traceback (most recent call last):
  File "<string>", line 3, in <module>
    obj = torch.load('/tmp/tmpm438ysqb.pt', weights_only=False, map_location='cpu')
  File "/usr/local/lib/python3.13/dist-packages/torch/serialization.py", line 1610, in load
    return _load(
        opened_zipfile,
    ...<3 lines>...
        **pickle_load_args,
    )
  File "/usr/local/lib/python3.13/dist-packages/torch/serialization.py", line 2221, in _load
    result = unpickler.load()
AttributeError: module 'IPython' has no attribute 'system'

[validity-debug] Container failed with code 1
[validity-debug] Container stdout: 
[validity-debug] Container stderr: Traceback (most recent call last):
  File "<string>", line 3, in <module>
    obj = torch.load('/tmp/tmplogfncxz.pt', weights_only=False, map_location='cpu')
  File "/usr/local/lib/python3.13/dist-packages/torch/serialization.py", line 1610, in load
    return _load(
        opened_zipfile,
    ...<3 lines>...
        **pickle_load_args,
    )
  File "/usr/local/lib/python3.13/dist-packages/torch/serialization.py", line 2221, in _load
    result = unpickler.load()
  File "/usr/local/lib/python3.13/dist-packages/numpy/__init__.py", line 795, in __getattr__
    raise AttributeError(f"module {__name__!r} has no attribute {attr!r}")
AttributeError: module 'numpy' has no attribute 'runstring'. Did you mean: 'fromstring'?

[validity-debug] Container failed with code 1
[validity-debug] Container stdout: 
[validity-debug] Container stderr: Traceback (most recent call last):
  File "<string>", line 3, in <module>
    obj = torch.load('/tmp/tmpnh0eobzj.pt', weights_only=False, map_location='cpu')
  File "/usr/local/lib/python3.13/dist-packages/torch/serialization.py", line 1610, in load
    return _load(
        opened_zipfile,
    ...<3 lines>...
        **pickle_load_args,
    )
  File "/usr/local/lib/python3.13/dist-packages/torch/serialization.py", line 2221, in _load
    result = unpickler.load()
AttributeError: module 'IPython' has no attribute 'system'

[validity-debug] Container failed with code 1
[validity-debug] Container stdout: 
[validity-debug] Container stderr: Traceback (most recent call last):
  File "<string>", line 3, in <module>
    obj = torch.load('/tmp/tmpa6t5qgfo.pt', weights_only=False, map_location='cpu')
  File "/usr/local/lib/python3.13/dist-packages/torch/serialization.py", line 1610, in load
    return _load(
        opened_zipfile,
    ...<3 lines>...
        **pickle_load_args,
    )
  File "/usr/local/lib/python3.13/dist-packages/torch/serialization.py", line 2221, in _load
    result = unpickler.load()
  File "/usr/local/lib/python3.13/dist-packages/numpy/__init__.py", line 795, in __getattr__
    raise AttributeError(f"module {__name__!r} has no attribute {attr!r}")
AttributeError: module 'numpy' has no attribute 'runstring'. Did you mean: 'fromstring'?

[validity-debug] Container failed with code 1
[validity-debug] Container stdout: 
[validity-debug] Container stderr: Traceback (most recent call last):
  File "<string>", line 3, in <module>
    obj = torch.load('/tmp/tmp234i5xrn.pt', weights_only=False, map_location='cpu')
  File "/usr/local/lib/python3.13/dist-packages/torch/serialization.py", line 1610, in load
    return _load(
        opened_zipfile,
    ...<3 lines>...
        **pickle_load_args,
    )
  File "/usr/local/lib/python3.13/dist-packages/torch/serialization.py", line 2221, in _load
    result = unpickler.load()
  File "/usr/local/lib/python3.13/dist-packages/numpy/__init__.py", line 795, in __getattr__
    raise AttributeError(f"module {__name__!r} has no attribute {attr!r}")
AttributeError: module 'numpy' has no attribute 'runstring'. Did you mean: 'fromstring'?

Round 4 Complete: Valid=13/20, Bypasses=2, Mean Fitness=1.378, Opcode Cov=42.6%, Callable Cov=40.0%, Per-scanner evasions={'fickling': 20, 'modelscan': 3, 'picklescan': 2}

--- Round 5 / 5 ---
Unguided mode: uniform random callable selection.
Generated 20 candidate checkpoints (families: {'gadget': 6, 'overwritten': 3, 'pypi_injected': 3, 'external': 2, 'indirect_chain': 6}).
[validity-debug] Container failed with code 1
[validity-debug] Container stdout: 
[validity-debug] Container stderr: Traceback (most recent call last):
  File "<string>", line 3, in <module>
    obj = torch.load('/tmp/tmpo8sb21bg.pt', weights_only=False, map_location='cpu')
  File "/usr/local/lib/python3.13/dist-packages/torch/serialization.py", line 1610, in load
    return _load(
        opened_zipfile,
    ...<3 lines>...
        **pickle_load_args,
    )
  File "/usr/local/lib/python3.13/dist-packages/torch/serialization.py", line 2221, in _load
    result = unpickler.load()
AttributeError: module 'IPython' has no attribute 'system'

[validity-debug] Container failed with code 1
[validity-debug] Container stdout: 
[validity-debug] Container stderr: Traceback (most recent call last):
  File "<string>", line 3, in <module>
    obj = torch.load('/tmp/tmp9w1uqeok.pt', weights_only=False, map_location='cpu')
  File "/usr/local/lib/python3.13/dist-packages/torch/serialization.py", line 1610, in load
    return _load(
        opened_zipfile,
    ...<3 lines>...
        **pickle_load_args,
    )
  File "/usr/local/lib/python3.13/dist-packages/torch/serialization.py", line 2221, in _load
    result = unpickler.load()
AttributeError: module 'IPython' has no attribute 'system'

[validity-debug] Container failed with code 1
[validity-debug] Container stdout: 
[validity-debug] Container stderr: Traceback (most recent call last):
  File "<string>", line 3, in <module>
    obj = torch.load('/tmp/tmp3f8u5p6n.pt', weights_only=False, map_location='cpu')
  File "/usr/local/lib/python3.13/dist-packages/torch/serialization.py", line 1610, in load
    return _load(
        opened_zipfile,
    ...<3 lines>...
        **pickle_load_args,
    )
  File "/usr/local/lib/python3.13/dist-packages/torch/serialization.py", line 2221, in _load
    result = unpickler.load()
  File "/usr/local/lib/python3.13/dist-packages/numpy/__init__.py", line 795, in __getattr__
    raise AttributeError(f"module {__name__!r} has no attribute {attr!r}")
AttributeError: module 'numpy' has no attribute 'runstring'. Did you mean: 'fromstring'?

[validity-debug] Container failed with code 1
[validity-debug] Container stdout: 
[validity-debug] Container stderr: Traceback (most recent call last):
  File "<string>", line 3, in <module>
    obj = torch.load('/tmp/tmpugg07fzt.pt', weights_only=False, map_location='cpu')
  File "/usr/local/lib/python3.13/dist-packages/torch/serialization.py", line 1610, in load
    return _load(
        opened_zipfile,
    ...<3 lines>...
        **pickle_load_args,
    )
  File "/usr/local/lib/python3.13/dist-packages/torch/serialization.py", line 2221, in _load
    result = unpickler.load()
  File "/usr/local/lib/python3.13/dist-packages/torch/serialization.py", line 2210, in find_class
    return super().find_class(mod_name, name)
           ~~~~~~~~~~~~~~~~~~^^^^^^^^^^^^^^^^
AttributeError: Can't get attribute 'popen' on <module 'platform' from '/usr/lib/python3.13/platform.py'>

Round 5 Complete: Valid=16/20, Bypasses=0, Mean Fitness=1.334, Opcode Cov=42.6%, Callable Cov=48.0%, Per-scanner evasions={'fickling': 20, 'modelscan': 1}

Written fuzzing report to docs/fuzzing-report-unguided-r1.md
============================================================
CAMPAIGN COMPLETE (unguided, replicate 1)
  valid candidates : 76/100
  confirmed bypasses: 4
============================================================
